<?xml version="1.0" encoding="UTF-8"?>
<TestRun id="4a3d9af5-8ebe-4c60-b8bf-6462b31aff00" name="USER@USER-PC 2017-06-06 11:12:47" runUser="USER-PC\USER" xmlns="http://microsoft.com/schemas/VisualStudio/TeamTest/2010">
  <TestSettings name="預設測試設定" id="57c2afdc-acef-4179-8d42-5e8e7f3a7767">
    <Deployment userDeploymentRoot="C:\Users\USER\Documents\Visual Studio 2017\Projects\OpenCoverLab" useDefaultDeploymentRoot="false" runDeploymentRoot="USER_USER-PC 2017-06-06 11_12_47" />
    <Execution>
      <TestTypeSpecific />
      <AgentRule name="Execution Agents">
      </AgentRule>
    </Execution>
    <Properties />
  </TestSettings>
  <Times creation="2017-06-06T11:12:47.9556000+08:00" queuing="2017-06-06T11:12:50.5016000+08:00" start="2017-06-06T11:12:50.6816000+08:00" finish="2017-06-06T11:12:51.6426000+08:00" />
  <ResultSummary outcome="Warning">
    <Counters total="4" executed="4" passed="4" error="0" failed="0" timeout="0" aborted="0" inconclusive="0" passedButRunAborted="0" notRunnable="0" notExecuted="0" disconnected="0" warning="0" completed="0" inProgress="0" pending="0" />
    <RunInfos>
      <RunInfo computerName="USER-PC" outcome="Warning" timestamp="2017-06-06T11:12:48.5736000+08:00">
        <Text>警告: 測試回合部署問題: 找不到組件或模組 'WebGrease' 由 測試容器 'c:\users\user\documents\visual studio 2017\projects\opencoverlab\opencoverlab.tests\bin\debug\opencoverlab.tests.dll' 直接或間接參考。</Text>
      </RunInfo>
    </RunInfos>
  </ResultSummary>
  <TestDefinitions>
    <UnitTest name="Contact" storage="c:\users\user\documents\visual studio 2017\projects\opencoverlab\\opencoverlab.tests\bin\debug\opencoverlab.tests.dll" id="26a7a4f4-c2e4-6307-99da-a66bc9e26519">
      <Execution id="7457b181-2aef-4883-ac02-a8a65bb7ccd6" />
      <TestMethod codeBase="C:/Users/USER/Documents/Visual Studio 2017/Projects/OpenCoverLab/OpenCoverLab.Tests/bin/Debug/OpenCoverLab.Tests.DLL" adapterTypeName="Microsoft.VisualStudio.TestTools.TestTypes.Unit.UnitTestAdapter, Microsoft.VisualStudio.QualityTools.Tips.UnitTest.Adapter, Version=14.0.0.0, Culture=neutral, PublicKeyToken=b03f5f7f11d50a3a" className="OpenCoverLab.Tests.Controllers.HomeControllerTest, OpenCoverLab.Tests, Version=1.0.0.0, Culture=neutral, PublicKeyToken=null" name="Contact" />
    </UnitTest>
    <UnitTest name="About" storage="c:\users\user\documents\visual studio 2017\projects\opencoverlab\\opencoverlab.tests\bin\debug\opencoverlab.tests.dll" id="a325294e-2a59-1c72-1984-d2c07c3ca8c5">
      <Execution id="c2b52750-4e0d-46d1-a7b1-ce7a380ac11f" />
      <TestMethod codeBase="C:/Users/USER/Documents/Visual Studio 2017/Projects/OpenCoverLab/OpenCoverLab.Tests/bin/Debug/OpenCoverLab.Tests.DLL" adapterTypeName="Microsoft.VisualStudio.TestTools.TestTypes.Unit.UnitTestAdapter, Microsoft.VisualStudio.QualityTools.Tips.UnitTest.Adapter, Version=14.0.0.0, Culture=neutral, PublicKeyToken=b03f5f7f11d50a3a" className="OpenCoverLab.Tests.Controllers.HomeControllerTest, OpenCoverLab.Tests, Version=1.0.0.0, Culture=neutral, PublicKeyToken=null" name="About" />
    </UnitTest>
    <UnitTest name="Index" storage="c:\users\user\documents\visual studio 2017\projects\opencoverlab\\opencoverlab.tests\bin\debug\opencoverlab.tests.dll" id="4c75399b-a273-761b-0de0-f001f92ee54b">
      <Execution id="3dc57902-8d6d-4eb5-a007-c20268ab524e" />
      <TestMethod codeBase="C:/Users/USER/Documents/Visual Studio 2017/Projects/OpenCoverLab/OpenCoverLab.Tests/bin/Debug/OpenCoverLab.Tests.DLL" adapterTypeName="Microsoft.VisualStudio.TestTools.TestTypes.Unit.UnitTestAdapter, Microsoft.VisualStudio.QualityTools.Tips.UnitTest.Adapter, Version=14.0.0.0, Culture=neutral, PublicKeyToken=b03f5f7f11d50a3a" className="OpenCoverLab.Tests.Controllers.HomeControllerTest, OpenCoverLab.Tests, Version=1.0.0.0, Culture=neutral, PublicKeyToken=null" name="Index" />
    </UnitTest>
    <UnitTest name="IndexTest_Should_Be_Return_Text_When_Value_Greate_Than_10" storage="c:\users\user\documents\visual studio 2017\projects\opencoverlab\\opencoverlab.tests\bin\debug\opencoverlab.tests.dll" id="1184c46e-a8b0-4e64-6e1f-2afb0f0e62dc">
      <Execution id="ce185ca1-e8fe-4962-9071-c11f012c034c" />
      <TestMethod codeBase="C:/Users/USER/Documents/Visual Studio 2017/Projects/OpenCoverLab/OpenCoverLab.Tests/bin/Debug/OpenCoverLab.Tests.DLL" adapterTypeName="Microsoft.VisualStudio.TestTools.TestTypes.Unit.UnitTestAdapter, Microsoft.VisualStudio.QualityTools.Tips.UnitTest.Adapter, Version=14.0.0.0, Culture=neutral, PublicKeyToken=b03f5f7f11d50a3a" className="OpenCoverLab.Controllers.Tests.TodosControllerTests, OpenCoverLab.Tests, Version=1.0.0.0, Culture=neutral, PublicKeyToken=null" name="IndexTest_Should_Be_Return_Text_When_Value_Greate_Than_10" />
    </UnitTest>
  </TestDefinitions>
  <TestLists>
    <TestList name="不在清單中的結果" id="8c84fa94-04c1-424b-9868-57a2d4851a1d" />
    <TestList name="所有載入的結果" id="19431567-8539-422a-85d7-44ee4e166bda" />
  </TestLists>
  <TestEntries>
    <TestEntry testId="1184c46e-a8b0-4e64-6e1f-2afb0f0e62dc" executionId="ce185ca1-e8fe-4962-9071-c11f012c034c" testListId="8c84fa94-04c1-424b-9868-57a2d4851a1d" />
    <TestEntry testId="a325294e-2a59-1c72-1984-d2c07c3ca8c5" executionId="c2b52750-4e0d-46d1-a7b1-ce7a380ac11f" testListId="8c84fa94-04c1-424b-9868-57a2d4851a1d" />
    <TestEntry testId="26a7a4f4-c2e4-6307-99da-a66bc9e26519" executionId="7457b181-2aef-4883-ac02-a8a65bb7ccd6" testListId="8c84fa94-04c1-424b-9868-57a2d4851a1d" />
    <TestEntry testId="4c75399b-a273-761b-0de0-f001f92ee54b" executionId="3dc57902-8d6d-4eb5-a007-c20268ab524e" testListId="8c84fa94-04c1-424b-9868-57a2d4851a1d" />
  </TestEntries>
  <Results>
    <UnitTestResult executionId="ce185ca1-e8fe-4962-9071-c11f012c034c" testId="1184c46e-a8b0-4e64-6e1f-2afb0f0e62dc" testName="IndexTest_Should_Be_Return_Text_When_Value_Greate_Than_10" computerName="USER-PC" duration="00:00:00.0365945" startTime="2017-06-06T11:12:50.7456000+08:00" endTime="2017-06-06T11:12:51.1826000+08:00" testType="13cdc9d9-ddb5-4fa4-a97d-d965ccfc6d4b" outcome="Passed" testListId="8c84fa94-04c1-424b-9868-57a2d4851a1d" relativeResultsDirectory="ce185ca1-e8fe-4962-9071-c11f012c034c">
    </UnitTestResult>
    <UnitTestResult executionId="c2b52750-4e0d-46d1-a7b1-ce7a380ac11f" testId="a325294e-2a59-1c72-1984-d2c07c3ca8c5" testName="About" computerName="USER-PC" duration="00:00:00.3794335" startTime="2017-06-06T11:12:51.1856000+08:00" endTime="2017-06-06T11:12:51.5676000+08:00" testType="13cdc9d9-ddb5-4fa4-a97d-d965ccfc6d4b" outcome="Passed" testListId="8c84fa94-04c1-424b-9868-57a2d4851a1d" relativeResultsDirectory="c2b52750-4e0d-46d1-a7b1-ce7a380ac11f">
    </UnitTestResult>
    <UnitTestResult executionId="7457b181-2aef-4883-ac02-a8a65bb7ccd6" testId="26a7a4f4-c2e4-6307-99da-a66bc9e26519" testName="Contact" computerName="USER-PC" duration="00:00:00.0016934" startTime="2017-06-06T11:12:51.5696000+08:00" endTime="2017-06-06T11:12:51.5736000+08:00" testType="13cdc9d9-ddb5-4fa4-a97d-d965ccfc6d4b" outcome="Passed" testListId="8c84fa94-04c1-424b-9868-57a2d4851a1d" relativeResultsDirectory="7457b181-2aef-4883-ac02-a8a65bb7ccd6">
    </UnitTestResult>
    <UnitTestResult executionId="3dc57902-8d6d-4eb5-a007-c20268ab524e" testId="4c75399b-a273-761b-0de0-f001f92ee54b" testName="Index" computerName="USER-PC" duration="00:00:00.0007346" startTime="2017-06-06T11:12:51.5746000+08:00" endTime="2017-06-06T11:12:51.5786000+08:00" testType="13cdc9d9-ddb5-4fa4-a97d-d965ccfc6d4b" outcome="Passed" testListId="8c84fa94-04c1-424b-9868-57a2d4851a1d" relativeResultsDirectory="3dc57902-8d6d-4eb5-a007-c20268ab524e">
    </UnitTestResult>
  </Results>
</TestRun>